// Jest Snapshot v1, https://jestjs.io/docs/snapshot-testing

exports[`TreeSelect.multiple can hide search box by showSearch = false 1`] = `
<div
  class="rc-tree-select rc-tree-select-multiple"
>
  <div
    class="rc-tree-select-content"
  >
    <div
      class="rc-tree-select-content-item rc-tree-select-content-item-prefix"
      style="opacity: 1;"
    >
      <div
        class="rc-tree-select-placeholder"
      />
    </div>
    <div
      class="rc-tree-select-content-item rc-tree-select-content-item-suffix"
      style="opacity: 1;"
    >
      <input
        aria-autocomplete="list"
        aria-expanded="false"
        aria-haspopup="listbox"
        autocomplete="new-password"
        class="rc-tree-select-input"
        id="test-id"
        readonly=""
        role="combobox"
        style="--select-input-width: 0;"
        type="text"
        value=""
      />
    </div>
  </div>
</div>
`;
